Microchip MPLAB XC8 Compiler V2.41

Linker command line:

-W-3 \
  --edf=C:/Program Files/Microchip/MPLABX/v6.10/packs/Microchip/PIC18Fxxxx_DFP/1.4.151/xc8\pic\dat\20230323171731_en.msgs \
  -cn -h+dist/default/production\Appliction.X.production.sym \
  --cmf=dist/default/production\Appliction.X.production.cmf -z -Q18F4620 \
  -oC:\Users\ACC\AppData\Local\Temp\xcBs23k.1\driver_tmp_3.o \
  --defsym=__MPLAB_BUILD=1 --fixupoverflow=error \
  -Mdist/default/production/Appliction.X.production.map \
  --md=C:\Users\ACC\AppData\Local\Temp\xcBs23k.1\driver_tmp_0.dat -E1 \
  -ver=XC8 Compiler --acfsm=1493 -ACODE=00h-0FFFFh -ACONST=00h-0FFFFh \
  -ASMALLCONST=01000h-010FFhx240 -AMEDIUMCONST=01000h-0FFFFh \
  -ACOMRAM=01h-07Fh -AABS1=00h-0F7Fh -ABIGRAM=01h-0F7Fh \
  -ARAM=080h-0FFh,0100h-01FFhx14,0F00h-0F7Fh -ABANK0=080h-0FFh \
  -ABANK1=0100h-01FFh -ABANK2=0200h-02FFh -ABANK3=0300h-03FFh \
  -ABANK4=0400h-04FFh -ABANK5=0500h-05FFh -ABANK6=0600h-06FFh \
  -ABANK7=0700h-07FFh -ABANK8=0800h-08FFh -ABANK9=0900h-09FFh \
  -ABANK10=0A00h-0AFFh -ABANK11=0B00h-0BFFh -ABANK12=0C00h-0CFFh \
  -ABANK13=0D00h-0DFFh -ABANK14=0E00h-0EFFh -ABANK15=0F00h-0F7Fh \
  -ASFR=0F80h-0FFFh -ABIGSFR=0F80h-0FFFh -ACONFIG=0300000h-030000Dh \
  -AIDLOC=0200000h-0200007h -AEEDATA=0F00000h-0F003FFh -peeprom_data=EEDATA \
  -preset_vec=00h,intcode=08h,intcodelo,powerup,init -pramtop=01000h \
  -psmallconst=SMALLCONST -pmediumconst=MEDIUMCONST -pconst=CONST \
  -AFARRAM=00h-00h \
  -prdata=COMRAM,nvrram=COMRAM,nvbit=COMRAM,rbss=COMRAM,rbit=COMRAM \
  -pfarbss=FARRAM,fardata=FARRAM,nvFARRAM=FARRAM \
  -pintsave_regs=BIGRAM,bigbss=BIGRAM,bigdata=BIGRAM -pbss=RAM \
  -pidata=CODE,irdata=CODE,ibigdata=CODE,ifardata=CODE -prparam=COMRAM \
  C:\Users\ACC\AppData\Local\Temp\xcBs23k.1\driver_tmp_14.o \
  dist/default/production\Appliction.X.production.o 

Object code version is 3.11

Machine type is 18F4620



                Name                               Link     Load   Length Selector   Space Scale
C:\Users\ACC\AppData\Local\Temp\xcBs23k.1\driver_tmp_14.o
                config                           300000   300000        E        0       4
                init                                  E        E        4        4       0
                reset_vec                             0        0        4        0       0
dist/default/production\Appliction.X.production.o
                intcode                               8        8        6        4       0
                config                           300000   300000        E        0       4
                temp                                 7D       7D        1        1       1
                smallconst                         1000     1000       26      800       0
                text48                             29E4     29E4        4     14E8       0
                text47                             29E0     29E0        4     14E8       0
                text46                             29DC     29DC        4     14E8       0
                text45                             29D8     29D8        4     14E8       0
                text44                             29D4     29D4        4     14E8       0
                text43                             29D0     29D0        4     14E8       0
                text42                             2978     2978       1A      813       0
                text41                             295E     295E       1A      813       0
                text40                             2944     2944       1A      813       0
                text39                             292A     292A       1A      813       0
                text38                             29AA     29AA        C      813       0
                text37                             299E     299E        C      813       0
                text36                             29C0     29C0        8      813       0
                text35                             2992     2992        C      813       0
                intcode_body                       1026     1026      366      813       0
                text33                             205E     205E       B8      813       0
                text32                             238E     238E       84      813       0
                text31                             29EA     29EA        2     14E8       0
                text30                             1940     1940      144      813       0
                text29                             1CE2     1CE2      12C      813       0
                text28                             24FA     24FA       6C      813       0
                text27                             28D6     28D6       2C      813       0
                text26                             2898     2898       3E      813       0
                text25                             266A     266A       4E      813       0
                text24                             22F8     22F8       96      813       0
                text23                             1A84     1A84      132      813       0
                text22                             285A     285A       3E      813       0
                text21                             29B6     29B6        A      813       0
                text20                             17CA     17CA      176      813       0
                text19                             1ED8     1ED8       C4      813       0
                text18                             2116     2116       B0      813       0
                text17                             281A     281A       40      813       0
                text16                             29E8     29E8        2     14E8       0
                text15                             1E0E     1E0E       CA      813       0
                text14                             27D6     27D6       44      813       0
                text13                             2412     2412       7A      813       0
                text12                             1636     1636      194      813       0
                text11                             1BB6     1BB6      12C      813       0
                text10                             261A     261A       50      813       0
                text9                              26B8     26B8       4C      813       0
                text8                              25C0     25C0       5A      813       0
                text7                              2790     2790       46      813       0
                text6                              274A     274A       46      813       0
                text5                              2704     2704       46      813       0
                text4                              2262     2262       96      813       0
                text3                              21C6     21C6       9C      813       0
                text2                              1F9C     1F9C       C2      813       0
                text1                              2566     2566       5A      813       0
                text0                              138C     138C      2AA      813       0
                cstackCOMRAM                          1        1       59        1       1
                cstackBANK0                          E8       E8        2       80       1
                bssBANK1                            100      100       20      100       1
                dataBANK0                            C0       C0       28       80       1
                bssBANK0                             80       80       40       80       1
                dataCOMRAM                           76       76        7        1       1
                bssCOMRAM                            5A       5A       1C        1       1
                cinit                              248C     248C       6E      813       0
                nvBANK0                              EA       EA        1       80       1
                idataBANK0                         2902     2902       28      813       0
                idataCOMRAM                        29C8     29C8        7      813       0

TOTAL           Name                               Link     Load   Length     Space
        CLASS   CODE           
                intcode                               8        8        6         0
                init                                  E        E        4         0
                reset_vec                             0        0        4         0
                text48                             29E4     29E4        4         0
                text47                             29E0     29E0        4         0
                text46                             29DC     29DC        4         0
                text45                             29D8     29D8        4         0
                text44                             29D4     29D4        4         0
                text43                             29D0     29D0        4         0
                text42                             2978     2978       1A         0
                text41                             295E     295E       1A         0
                text40                             2944     2944       1A         0
                text39                             292A     292A       1A         0
                text38                             29AA     29AA        C         0
                text37                             299E     299E        C         0
                text36                             29C0     29C0        8         0
                text35                             2992     2992        C         0
                intcode_body                       1026     1026      366         0
                text33                             205E     205E       B8         0
                text32                             238E     238E       84         0
                text31                             29EA     29EA        2         0
                text30                             1940     1940      144         0
                text29                             1CE2     1CE2      12C         0
                text28                             24FA     24FA       6C         0
                text27                             28D6     28D6       2C         0
                text26                             2898     2898       3E         0
                text25                             266A     266A       4E         0
                text24                             22F8     22F8       96         0
                text23                             1A84     1A84      132         0
                text22                             285A     285A       3E         0
                text21                             29B6     29B6        A         0
                text20                             17CA     17CA      176         0
                text19                             1ED8     1ED8       C4         0
                text18                             2116     2116       B0         0
                text17                             281A     281A       40         0
                text16                             29E8     29E8        2         0
                text15                             1E0E     1E0E       CA         0
                text14                             27D6     27D6       44         0
                text13                             2412     2412       7A         0
                text12                             1636     1636      194         0
                text11                             1BB6     1BB6      12C         0
                text10                             261A     261A       50         0
                text9                              26B8     26B8       4C         0
                text8                              25C0     25C0       5A         0
                text7                              2790     2790       46         0
                text6                              274A     274A       46         0
                text5                              2704     2704       46         0
                text4                              2262     2262       96         0
                text3                              21C6     21C6       9C         0
                text2                              1F9C     1F9C       C2         0
                text1                              2566     2566       5A         0
                text0                              138C     138C      2AA         0
                cinit                              248C     248C       6E         0
                idataBANK0                         2902     2902       28         0
                idataCOMRAM                        29C8     29C8        7         0

        CLASS   CONST          

        CLASS   SMALLCONST     
                smallconst                         1000     1000       26         0

        CLASS   MEDIUMCONST    

        CLASS   COMRAM         
                temp                                 7D       7D        1         1
                cstackCOMRAM                          1        1       59         1
                dataCOMRAM                           76       76        7         1
                bssCOMRAM                            5A       5A       1C         1

        CLASS   ABS1           

        CLASS   BIGRAM         

        CLASS   RAM            

        CLASS   BANK0          
                cstackBANK0                          E8       E8        2         1
                dataBANK0                            C0       C0       28         1
                bssBANK0                             80       80       40         1
                nvBANK0                              EA       EA        1         1

        CLASS   BANK1          
                bssBANK1                            100      100       20         1

        CLASS   BANK2          

        CLASS   BANK3          

        CLASS   BANK4          

        CLASS   BANK5          

        CLASS   BANK6          

        CLASS   BANK7          

        CLASS   BANK8          

        CLASS   BANK9          

        CLASS   BANK10         

        CLASS   BANK11         

        CLASS   BANK12         

        CLASS   BANK13         

        CLASS   BANK14         

        CLASS   BANK15         

        CLASS   SFR            

        CLASS   BIGSFR         

        CLASS   CONFIG         
                config                           300000   300000        E         4

        CLASS   IDLOC          

        CLASS   EEDATA         

        CLASS   FARRAM         

        CLASS   HEAP           

        CLASS   STACK          



SEGMENTS        Name                           Load    Length   Top    Selector   Space  Class

                reset_vec                      000000  000004  000004         0       0  CODE    
                cstackCOMRAM                   000001  00007D  00007E         1       1  COMRAM  
                intcode                        000008  00000A  000012         4       0  CODE    
                bssBANK0                       000080  00006B  0000EB        80       1  BANK0   
                bssBANK1                       000100  000020  000120       100       1  BANK1   
                smallconst                     001000  000026  001026       800       0  SMALLCON
                intcode_body                   001026  0019A9  0029CF       813       0  CODE    
                text43                         0029D0  00001C  0029EC      14E8       0  CODE    


UNUSED ADDRESS RANGES

        Name                Unused          Largest block    Delta
        BANK0            0000EB-0000FF               15
        BANK1            000120-0001FF               E0
        BANK10           000A00-000AFF              100
        BANK11           000B00-000BFF              100
        BANK12           000C00-000CFF              100
        BANK13           000D00-000DFF              100
        BANK14           000E00-000EFF              100
        BANK15           000F00-000F7F               80
        BANK2            000200-0002FF              100
        BANK3            000300-0003FF              100
        BANK4            000400-0004FF              100
        BANK5            000500-0005FF              100
        BANK6            000600-0006FF              100
        BANK7            000700-0007FF              100
        BANK8            000800-0008FF              100
        BANK9            000900-0009FF              100
        BIGRAM           00007E-00007F                2
                         0000EB-0000FF               15
                         000120-000F7F              E60
        BIGSFR           000F80-000FFF               80
        CODE             000004-000007                4
                         000012-000FFF              FEE
                         0029CF-0029CF                1
                         0029EC-00FFFF             D614
        COMRAM           00007E-00007F                2
        CONST            000004-000007                4
                         000012-000FFF              FEE
                         0029CF-0029CF                1
                         0029EC-00FFFF             D614
        EEDATA           F00000-F003FF              400
        IDLOC            200000-200007                8
        MEDIUMCONST      0029CF-0029CF                1
                         0029EC-00FFFF             D614
        RAM              0000EB-0000FF               15
                         000120-000F7F              100
        SFR              000F80-000FFF               80
        SMALLCONST       0029CF-0029CF                1
                         0029EC-00FFFF              100

                                  Symbol Table

?___awdiv                              cstackCOMRAM 000002
?___awmod                              cstackCOMRAM 000002
?_abs                                  cstackCOMRAM 000008
?_sprintf                              cstackCOMRAM 000040
?_vfprintf                             cstackCOMRAM 000038
CCP1_Capture_read_value@F3295          bssBANK0     0000B3
CCP1_Compare_write_value@F3305         bssBANK0     0000B1
PIR_sensor_initialize@Pir_obj          cstackCOMRAM 000010
PIR_sensor_initialize@ret              cstackCOMRAM 000012
PIR_sensor_read@Pir_obj                cstackCOMRAM 00000C
PIR_sensor_read@log                    cstackCOMRAM 000011
PIR_sensor_read@pir_state              cstackCOMRAM 00000E
PIR_sensor_read@ret                    cstackCOMRAM 000010
RB4_ISR@RB4_source                     cstackCOMRAM 000001
RB5_ISR@RB5_source                     cstackCOMRAM 000001
RB6_ISR@RB6_source                     cstackCOMRAM 000001
RB7_ISR@RB7_source                     cstackCOMRAM 000001
_ADCON0bits                            (abs)        000FC2
_ADCON1bits                            (abs)        000FC1
_ADCON2bits                            (abs)        000FC0
_ADC_ISR                               text48       0029E4
_ADC_InterruptCallBack                 bssCOMRAM    000066
_ADRESH                                (abs)        000FC4
_ADRESL                                (abs)        000FC3
_CCP1CONbits                           (abs)        000FBD
_CCP1_ISR                              text47       0029E0
_CCP1_InterruptHandeler                bssBANK0     0000B7
_CCP2CONbits                           (abs)        000FBA
_CCP2_ISR                              text46       0029DC
_CCP2_InterruptHandeler                bssBANK0     0000B5
_CCPR1H                                (abs)        000FBF
_CCPR1L                                (abs)        000FBE
_CCPR2H                                (abs)        000FBC
_CCPR2L                                (abs)        000FBB
_EEADR                                 (abs)        000FA9
_EEADRH                                (abs)        000FAA
_EECON1bits                            (abs)        000FA6
_EECON2                                (abs)        000FA7
_EEDATA                                (abs)        000FA8
_INT0_ISR                              text45       0029D8
_INT1_ISR                              text44       0029D4
_INT2_ISR                              text43       0029D0
_INTCON2bits                           (abs)        000FF1
_INTCON3bits                           (abs)        000FF0
_INTCONbits                            (abs)        000FF2
_INTx_Call_Back                        bssBANK0     00009B
_Interrupt_manager                     intcode      000008
_LATA                                  (abs)        000F89
_LATB                                  (abs)        000F8A
_LATC                                  (abs)        000F8B
_LATD                                  (abs)        000F8C
_LATE                                  (abs)        000F8D
_Mcal_initialize                       text31       0029EA
_PIE1bits                              (abs)        000F9D
_PIE2bits                              (abs)        000FA0
_PIR1bits                              (abs)        000F9E
_PIR2bits                              (abs)        000FA1
_PIR_sensor_initialize                 text27       0028D6
_PIR_sensor_read                       text32       00238E
_PORTA                                 (abs)        000F80
_PORTB                                 (abs)        000F81
_PORTBbits                             (abs)        000F81
_PORTC                                 (abs)        000F82
_PORTD                                 (abs)        000F83
_PORTE                                 (abs)        000F84
_RB4_ISR                               text42       002978
_RB5_ISR                               text41       00295E
_RB6_ISR                               text40       002944
_RB7_ISR                               text39       00292A
_RBx_Call_Back                         bssBANK0     000080
_RBx_flag                              bssCOMRAM    00005A
_T0CONbits                             (abs)        000FD5
_T1CONbits                             (abs)        000FCD
_T2CONbits                             (abs)        000FCA
_T3CONbits                             (abs)        000FB1
_TIMER0_ISR                            text38       0029AA
_TIMER1_ISR                            text37       00299E
_TIMER2_ISR                            text36       0029C0
_TIMER3_ISR                            text35       002992
_TMR0H                                 (abs)        000FD7
_TMR0L                                 (abs)        000FD6
_TMR1H                                 (abs)        000FCF
_TMR1L                                 (abs)        000FCE
_TMR2                                  (abs)        000FCC
_TMR3H                                 (abs)        000FB3
_TMR3L                                 (abs)        000FB2
_TRISA                                 (abs)        000F92
_TRISB                                 (abs)        000F93
_TRISC                                 (abs)        000F94
_TRISD                                 (abs)        000F95
_TRISE                                 (abs)        000F96
_Timer0InterruptHandeler               bssBANK0     0000AF
_Timer1InterruptHandeler               bssBANK0     0000AD
_Timer2InterruptHandeler               bssBANK0     0000AB
_Timer3InterruptHandeler               bssBANK0     0000A9
__HRAM                                 (abs)        000000
__H__absolute__                        __absolute__ 000000
__Habs1                                abs1         000000
__Hbank0                               bank0        000000
__Hbank1                               bank1        000000
__Hbank10                              bank10       000000
__Hbank11                              bank11       000000
__Hbank12                              bank12       000000
__Hbank13                              bank13       000000
__Hbank14                              bank14       000000
__Hbank15                              bank15       000000
__Hbank2                               bank2        000000
__Hbank3                               bank3        000000
__Hbank4                               bank4        000000
__Hbank5                               bank5        000000
__Hbank6                               bank6        000000
__Hbank7                               bank7        000000
__Hbank8                               bank8        000000
__Hbank9                               bank9        000000
__Hbigbss                              bigbss       000000
__Hbigdata                             bigdata      000000
__Hbigram                              bigram       000000
__Hbigsfr                              bigsfr       000000
__Hbss                                 bss          000000
__HbssBANK0                            bssBANK0     000000
__HbssBANK1                            bssBANK1     000000
__HbssCOMRAM                           bssCOMRAM    000000
__Hcinit                               cinit        000000
__Hclrtext                             clrtext      000000
__Hcomram                              comram       000000
__Hconfig                              config       30000E
__Hconst                               const        000000
__HcstackBANK0                         cstackBANK0  000000
__HcstackCOMRAM                        cstackCOMRAM 000000
__Hdata                                data         000000
__HdataBANK0                           dataBANK0    000000
__HdataCOMRAM                          dataCOMRAM   000000
__Heeprom_data                         eeprom_data  000000
__Hfarbss                              farbss       000000
__Hfardata                             fardata      000000
__Hheap                                heap         000000
__Hibigdata                            ibigdata     000000
__Hidata                               idata        000000
__HidataBANK0                          idataBANK0   000000
__HidataCOMRAM                         idataCOMRAM  000000
__Hidloc                               idloc        000000
__Hifardata                            ifardata     000000
__Hinit                                init         000012
__Hintcode                             intcode      00000E
__Hintcode_body                        intcode_body 000000
__Hintcodelo                           intcodelo    00000E
__Hintentry                            intentry     000000
__Hintret                              intret       000000
__Hintsave_regs                        intsave_regs 000000
__Hirdata                              irdata       000000
__Hmediumconst                         mediumconst  000000
__HnvBANK0                             nvBANK0      000000
__HnvFARRAM                            nvFARRAM     000000
__Hnvbit                               nvbit        000000
__Hnvrram                              nvrram       000000
__Hparam                               rparam       000000
__Hpowerup                             powerup      00000E
__Hram                                 ram          000000
__Hramtop                              ramtop       001000
__Hrbit                                rbit         000000
__Hrbss                                rbss         000000
__Hrdata                               rdata        000000
__Hreset_vec                           reset_vec    000004
__Hrparam                              rparam       000000
__Hsfr                                 sfr          000000
__Hsmallconst                          smallconst   001026
__Hspace_0                             (abs)        0029EC
__Hspace_1                             (abs)        000120
__Hspace_2                             (abs)        000000
__Hspace_4                             (abs)        60000E
__Hstack                               stack        000000
__Hstruct                              struct       000000
__Htemp                                temp         00007E
__Htext                                text         000000
__Htext0                               text0        000000
__Htext1                               text1        000000
__Htext10                              text10       000000
__Htext11                              text11       000000
__Htext12                              text12       000000
__Htext13                              text13       000000
__Htext14                              text14       000000
__Htext15                              text15       000000
__Htext16                              text16       000000
__Htext17                              text17       000000
__Htext18                              text18       000000
__Htext19                              text19       000000
__Htext2                               text2        000000
__Htext20                              text20       000000
__Htext21                              text21       000000
__Htext22                              text22       000000
__Htext23                              text23       000000
__Htext24                              text24       000000
__Htext25                              text25       000000
__Htext26                              text26       000000
__Htext27                              text27       000000
__Htext28                              text28       000000
__Htext29                              text29       000000
__Htext3                               text3        000000
__Htext30                              text30       000000
__Htext31                              text31       000000
__Htext32                              text32       000000
__Htext33                              text33       000000
__Htext35                              text35       000000
__Htext36                              text36       000000
__Htext37                              text37       000000
__Htext38                              text38       000000
__Htext39                              text39       000000
__Htext4                               text4        000000
__Htext40                              text40       000000
__Htext41                              text41       000000
__Htext42                              text42       000000
__Htext43                              text43       000000
__Htext44                              text44       000000
__Htext45                              text45       000000
__Htext46                              text46       000000
__Htext47                              text47       000000
__Htext48                              text48       000000
__Htext5                               text5        000000
__Htext6                               text6        000000
__Htext7                               text7        000000
__Htext8                               text8        000000
__Htext9                               text9        000000
__LRAM                                 (abs)        000001
__L__absolute__                        __absolute__ 000000
__Labs1                                abs1         000000
__Lbank0                               bank0        000000
__Lbank1                               bank1        000000
__Lbank10                              bank10       000000
__Lbank11                              bank11       000000
__Lbank12                              bank12       000000
__Lbank13                              bank13       000000
__Lbank14                              bank14       000000
__Lbank15                              bank15       000000
__Lbank2                               bank2        000000
__Lbank3                               bank3        000000
__Lbank4                               bank4        000000
__Lbank5                               bank5        000000
__Lbank6                               bank6        000000
__Lbank7                               bank7        000000
__Lbank8                               bank8        000000
__Lbank9                               bank9        000000
__Lbigbss                              bigbss       000000
__Lbigdata                             bigdata      000000
__Lbigram                              bigram       000000
__Lbigsfr                              bigsfr       000000
__Lbss                                 bss          000000
__LbssBANK0                            bssBANK0     000000
__LbssBANK1                            bssBANK1     000000
__LbssCOMRAM                           bssCOMRAM    000000
__Lcinit                               cinit        000000
__Lclrtext                             clrtext      000000
__Lcomram                              comram       000000
__Lconfig                              config       000000
__Lconst                               const        000000
__LcstackBANK0                         cstackBANK0  000000
__LcstackCOMRAM                        cstackCOMRAM 000000
__Ldata                                data         000000
__LdataBANK0                           dataBANK0    000000
__LdataCOMRAM                          dataCOMRAM   000000
__Leeprom_data                         eeprom_data  000000
__Lfarbss                              farbss       000000
__Lfardata                             fardata      000000
__Lheap                                heap         000000
__Libigdata                            ibigdata     000000
__Lidata                               idata        000000
__LidataBANK0                          idataBANK0   000000
__LidataCOMRAM                         idataCOMRAM  000000
__Lidloc                               idloc        000000
__Lifardata                            ifardata     000000
__Linit                                init         00000E
__Lintcode                             intcode      000008
__Lintcode_body                        intcode_body 000000
__Lintcodelo                           intcodelo    00000E
__Lintentry                            intentry     000000
__Lintret                              intret       000000
__Lintsave_regs                        intsave_regs 000000
__Lirdata                              irdata       000000
__Lmediumconst                         mediumconst  000000
__LnvBANK0                             nvBANK0      000000
__LnvFARRAM                            nvFARRAM     000000
__Lnvbit                               nvbit        000000
__Lnvrram                              nvrram       000000
__Lparam                               rparam       000000
__Lpowerup                             powerup      00000E
__Lram                                 ram          000000
__Lramtop                              ramtop       001000
__Lrbit                                rbit         000000
__Lrbss                                rbss         000000
__Lrdata                               rdata        000000
__Lreset_vec                           reset_vec    000000
__Lrparam                              rparam       000000
__Lsfr                                 sfr          000000
__Lsmallconst                          smallconst   001000
__Lspace_0                             (abs)        000000
__Lspace_1                             (abs)        000000
__Lspace_2                             (abs)        000000
__Lspace_4                             (abs)        000000
__Lstack                               stack        000000
__Lstruct                              struct       000000
__Ltemp                                temp         00007D
__Ltext                                text         000000
__Ltext0                               text0        000000
__Ltext1                               text1        000000
__Ltext10                              text10       000000
__Ltext11                              text11       000000
__Ltext12                              text12       000000
__Ltext13                              text13       000000
__Ltext14                              text14       000000
__Ltext15                              text15       000000
__Ltext16                              text16       000000
__Ltext17                              text17       000000
__Ltext18                              text18       000000
__Ltext19                              text19       000000
__Ltext2                               text2        000000
__Ltext20                              text20       000000
__Ltext21                              text21       000000
__Ltext22                              text22       000000
__Ltext23                              text23       000000
__Ltext24                              text24       000000
__Ltext25                              text25       000000
__Ltext26                              text26       000000
__Ltext27                              text27       000000
__Ltext28                              text28       000000
__Ltext29                              text29       000000
__Ltext3                               text3        000000
__Ltext30                              text30       000000
__Ltext31                              text31       000000
__Ltext32                              text32       000000
__Ltext33                              text33       000000
__Ltext35                              text35       000000
__Ltext36                              text36       000000
__Ltext37                              text37       000000
__Ltext38                              text38       000000
__Ltext39                              text39       000000
__Ltext4                               text4        000000
__Ltext40                              text40       000000
__Ltext41                              text41       000000
__Ltext42                              text42       000000
__Ltext43                              text43       000000
__Ltext44                              text44       000000
__Ltext45                              text45       000000
__Ltext46                              text46       000000
__Ltext47                              text47       000000
__Ltext48                              text48       000000
__Ltext5                               text5        000000
__Ltext6                               text6        000000
__Ltext7                               text7        000000
__Ltext8                               text8        000000
__Ltext9                               text9        000000
__S0                                   (abs)        0029EC
__S1                                   (abs)        000120
__S4                                   (abs)        000000
__S5                                   (abs)        000000
___awdiv                               text19       001ED8
___awdiv@counter                       cstackCOMRAM 000006
___awdiv@dividend                      cstackCOMRAM 000002
___awdiv@divisor                       cstackCOMRAM 000004
___awdiv@quotient                      cstackCOMRAM 000008
___awdiv@sign                          cstackCOMRAM 000007
___awmod                               text18       002116
___awmod@counter                       cstackCOMRAM 000006
___awmod@dividend                      cstackCOMRAM 000002
___awmod@divisor                       cstackCOMRAM 000004
___awmod@sign                          cstackCOMRAM 000007
___heap_hi                             (abs)        000000
___heap_lo                             (abs)        000000
___inthi_sp                            stack        000000
___intlo_sp                            stack        000000
___param_bank                          (abs)        000000
___rparam_used                         (abs)        000001
___sp                                  stack        000000
__accesstop                            (abs)        000080
__activetblptr                         (abs)        000003
__end_of_ADC_ISR                       text48       0029E8
__end_of_CCP1_ISR                      text47       0029E4
__end_of_CCP2_ISR                      text46       0029E0
__end_of_INT0_ISR                      text45       0029DC
__end_of_INT1_ISR                      text44       0029D8
__end_of_INT2_ISR                      text43       0029D4
__end_of_Interrupt_manager             intcode_body 00138C
__end_of_Mcal_initialize               text31       0029EC
__end_of_PIR_sensor_initialize         text27       002902
__end_of_PIR_sensor_read               text32       002412
__end_of_RB4_ISR                       text42       002992
__end_of_RB5_ISR                       text41       002978
__end_of_RB6_ISR                       text40       00295E
__end_of_RB7_ISR                       text39       002944
__end_of_TIMER0_ISR                    text38       0029B6
__end_of_TIMER1_ISR                    text37       0029AA
__end_of_TIMER2_ISR                    text36       0029C8
__end_of_TIMER3_ISR                    text35       00299E
__end_of___awdiv                       text19       001F9C
__end_of___awmod                       text18       0021C6
__end_of__initialization               cinit        0024F0
__end_of_abs                           text17       00285A
__end_of_application_initialize        text21       0029C0
__end_of_btn_values                    smallconst   00100D
__end_of_convert_byte_to_string        text8        00261A
__end_of_dc_motor_initialize           text26       0028D6
__end_of_dc_motor_move_left            text7        0027D6
__end_of_dc_motor_move_right           text6        002790
__end_of_dc_motor_stop                 text5        00274A
__end_of_dtoa                          text12       0017CA
__end_of_ecu_initialize                text22       002898
__end_of_fputc                         text15       001ED8
__end_of_fputs                         text14       00281A
__end_of_gpio_pin_direction_initialize text30       001A84
__end_of_gpio_pin_initialize           text28       002566
__end_of_gpio_pin_read_logic           text33       002116
__end_of_gpio_pin_write_logic          text29       001E0E
__end_of_lcd_8bit_initialize           text23       001BB6
__end_of_lcd_8bit_send_char            text4        0022F8
__end_of_lcd_8bit_send_command         text24       00238E
__end_of_lcd_8bit_send_enable          text25       0026B8
__end_of_lcd_8bit_send_string          text3        002262
__end_of_lcd_8bit_send_string_pos      text1        0025C0
__end_of_lcd_8bit_set_cursor           text2        00205E
__end_of_main                          text0        001636
__end_of_memset                        text20       001940
__end_of_pad                           text13       00248C
__end_of_putch                         text16       0029EA
__end_of_sprintf                       text9        002704
__end_of_vfpfcnvrt                     text11       001CE2
__end_of_vfprintf                      text10       00266A
__initialization                       cinit        00248C
__mediumconst                          mediumconst  000000
__pbssBANK0                            bssBANK0     000080
__pbssBANK1                            bssBANK1     000100
__pbssCOMRAM                           bssCOMRAM    00005A
__pcinit                               cinit        00248C
__pcstackBANK0                         cstackBANK0  0000E8
__pcstackCOMRAM                        cstackCOMRAM 000001
__pdataBANK0                           dataBANK0    0000C0
__pdataCOMRAM                          dataCOMRAM   000076
__pidataBANK0                          idataBANK0   002902
__pidataCOMRAM                         idataCOMRAM  0029C8
__pintcode                             intcode      000008
__pintcode_body                        intcode_body 001026
__pnvBANK0                             nvBANK0      0000EA
__psmallconst                          smallconst   001000
__ptext0                               text0        00138C
__ptext1                               text1        002566
__ptext10                              text10       00261A
__ptext11                              text11       001BB6
__ptext12                              text12       001636
__ptext13                              text13       002412
__ptext14                              text14       0027D6
__ptext15                              text15       001E0E
__ptext16                              text16       0029E8
__ptext17                              text17       00281A
__ptext18                              text18       002116
__ptext19                              text19       001ED8
__ptext2                               text2        001F9C
__ptext20                              text20       0017CA
__ptext21                              text21       0029B6
__ptext22                              text22       00285A
__ptext23                              text23       001A84
__ptext24                              text24       0022F8
__ptext25                              text25       00266A
__ptext26                              text26       002898
__ptext27                              text27       0028D6
__ptext28                              text28       0024FA
__ptext29                              text29       001CE2
__ptext3                               text3        0021C6
__ptext30                              text30       001940
__ptext31                              text31       0029EA
__ptext32                              text32       00238E
__ptext33                              text33       00205E
__ptext35                              text35       002992
__ptext36                              text36       0029C0
__ptext37                              text37       00299E
__ptext38                              text38       0029AA
__ptext39                              text39       00292A
__ptext4                               text4        002262
__ptext40                              text40       002944
__ptext41                              text41       00295E
__ptext42                              text42       002978
__ptext43                              text43       0029D0
__ptext44                              text44       0029D4
__ptext45                              text45       0029D8
__ptext46                              text46       0029DC
__ptext47                              text47       0029E0
__ptext48                              text48       0029E4
__ptext5                               text5        002704
__ptext6                               text6        00274A
__ptext7                               text7        002790
__ptext8                               text8        0025C0
__ptext9                               text9        0026B8
__ramtop                               ramtop       001000
__smallconst                           smallconst   001000
_abs                                   text17       00281A
_application_initialize                text21       0029B6
_btn_values                            smallconst   001001
_convert_byte_to_string                text8        0025C0
_dbuf                                  bssBANK1     000100
_dc_motor_initialize                   text26       002898
_dc_motor_move_left                    text7        002790
_dc_motor_move_right                   text6        00274A
_dc_motor_stop                         text5        002704
_dtoa                                  text12       001636
_dtoa$3622                             cstackCOMRAM 000021
_ecu_initialize                        text22       00285A
_flags                                 bssCOMRAM    000068
_fputc                                 text15       001E0E
_fputs                                 text14       0027D6
_gpio_pin_direction_initialize         text30       001940
_gpio_pin_initialize                   text28       0024FA
_gpio_pin_read_logic                   text33       00205E
_gpio_pin_write_logic                  text29       001CE2
_lat_registers                         dataBANK0    0000C0
_lcd_1                                 dataBANK0    0000DE
_lcd_8bit_initialize                   text23       001A84
_lcd_8bit_send_char                    text4        002262
_lcd_8bit_send_command                 text24       0022F8
_lcd_8bit_send_enable                  text25       00266A
_lcd_8bit_send_string                  text3        0021C6
_lcd_8bit_send_string_pos              text1        002566
_lcd_8bit_set_cursor                   text2        001F9C
_main                                  text0        00138C
_memset                                text20       0017CA
_motor_1                               dataCOMRAM   000079
_motor_2                               dataCOMRAM   000077
_numper_places                         dataCOMRAM   000076
_numper_places_str                     bssBANK0     0000B9
_pad                                   text13       002412
_pir1                                  dataCOMRAM   00007C
_pir1_flag                             bssCOMRAM    00006A
_pir1_state                            bssCOMRAM    000075
_pir2                                  dataCOMRAM   00007B
_pir2_flag                             bssCOMRAM    000069
_pir2_state                            bssCOMRAM    000074
_port_registers                        dataBANK0    0000CA
_prec                                  bssCOMRAM    00005E
_putch                                 text16       0029E8
_ret                                   nvBANK0      0000EA
_sprintf                               text9        0026B8
_timer0_preload                        bssCOMRAM    000064
_timer1_preload                        bssCOMRAM    000062
_timer2_preload                        bssCOMRAM    00006B
_timer3_preload                        bssCOMRAM    000060
_tris_registers                        dataBANK0    0000D4
_vfpfcnvrt                             text11       001BB6
_vfprintf                              text10       00261A
_width                                 bssBANK0     0000A7
abs@a                                  cstackCOMRAM 000008
btemp                                  temp         00007D
convert_byte_to_string@ret             cstackCOMRAM 000059
convert_byte_to_string@str             cstackCOMRAM 000056
convert_byte_to_string@value           cstackCOMRAM 000058
dc_motor_initialize@dc_motor           cstackCOMRAM 000010
dc_motor_initialize@ret                cstackCOMRAM 000012
dc_motor_move_left@dc_motor            cstackCOMRAM 00000C
dc_motor_move_left@ret                 cstackCOMRAM 00000E
dc_motor_move_right@dc_motor           cstackCOMRAM 00000C
dc_motor_move_right@ret                cstackCOMRAM 00000E
dc_motor_stop@dc_motor                 cstackCOMRAM 00000C
dc_motor_stop@ret                      cstackCOMRAM 00000E
dtoa@d                                 cstackCOMRAM 00001F
dtoa@fp                                cstackCOMRAM 00001D
dtoa@i                                 cstackCOMRAM 000027
dtoa@p                                 cstackCOMRAM 000023
dtoa@s                                 cstackCOMRAM 000029
dtoa@w                                 cstackCOMRAM 000025
end_of_initialization                  cinit        0024F0
fputc@c                                cstackCOMRAM 000002
fputc@fp                               cstackCOMRAM 000004
fputs@c                                cstackCOMRAM 00000F
fputs@fp                               cstackCOMRAM 00000D
fputs@i                                cstackCOMRAM 000010
fputs@s                                cstackCOMRAM 00000B
gpio_pin_direction_initialize@pin      cstackCOMRAM 000002
gpio_pin_direction_initialize@ret      cstackCOMRAM 00000A
gpio_pin_initialize@pin                cstackCOMRAM 00000C
gpio_pin_initialize@ret                cstackCOMRAM 00000F
gpio_pin_read_logic@log                cstackCOMRAM 000004
gpio_pin_read_logic@pin                cstackCOMRAM 000002
gpio_pin_read_logic@ret                cstackCOMRAM 00000B
gpio_pin_write_logic@log               cstackCOMRAM 000004
gpio_pin_write_logic@pin               cstackCOMRAM 000002
gpio_pin_write_logic@ret               cstackCOMRAM 00000B
int$flags                              temp         00007D
int_func                               intcode_body 001026
intlevel0                              text         000000
intlevel1                              text         000000
intlevel2                              text         000000
intlevel3                              text         000000
isa$std                                (abs)        000001
isa$xinst                              (abs)        000000
lcd_8bit_initialize@i                  cstackCOMRAM 00001A
lcd_8bit_initialize@lcd_obj            cstackCOMRAM 000017
lcd_8bit_initialize@ret                cstackCOMRAM 00001C
lcd_8bit_send_char@chr                 cstackCOMRAM 000011
lcd_8bit_send_char@i                   cstackCOMRAM 000015
lcd_8bit_send_char@lcd_obj             cstackCOMRAM 00000F
lcd_8bit_send_char@ret                 cstackCOMRAM 000014
lcd_8bit_send_command@command          cstackCOMRAM 000011
lcd_8bit_send_command@i                cstackCOMRAM 000015
lcd_8bit_send_command@lcd_obj          cstackCOMRAM 00000F
lcd_8bit_send_command@ret              cstackCOMRAM 000014
lcd_8bit_send_enable@lcd_obj           cstackCOMRAM 00000C
lcd_8bit_send_enable@ret               cstackCOMRAM 00000E
lcd_8bit_send_string@lcd_obj           cstackCOMRAM 000017
lcd_8bit_send_string@ret               cstackCOMRAM 00001B
lcd_8bit_send_string@string            cstackCOMRAM 000019
lcd_8bit_send_string_pos@column        cstackCOMRAM 000021
lcd_8bit_send_string_pos@lcd_obj       cstackCOMRAM 00001E
lcd_8bit_send_string_pos@ret           cstackCOMRAM 000024
lcd_8bit_send_string_pos@row           cstackCOMRAM 000020
lcd_8bit_send_string_pos@string        cstackCOMRAM 000022
lcd_8bit_set_cursor@column             cstackCOMRAM 00001A
lcd_8bit_set_cursor@lcd_obj            cstackCOMRAM 000017
lcd_8bit_set_cursor@ret                cstackCOMRAM 00001D
lcd_8bit_set_cursor@row                cstackCOMRAM 000019
led_initialize@F3201                   bssCOMRAM    00006F
led_toggle@F3216                       bssCOMRAM    00006C
led_turn_off@F3211                     bssCOMRAM    00006D
led_turn_on@F3206                      bssCOMRAM    00006E
memset@c                               cstackCOMRAM 000004
memset@dest                            cstackCOMRAM 000002
memset@k                               cstackCOMRAM 00000A
memset@n                               cstackCOMRAM 000006
memset@s                               cstackCOMRAM 00000C
pad@buf                                cstackCOMRAM 000014
pad@fp                                 cstackCOMRAM 000012
pad@i                                  cstackCOMRAM 000019
pad@p                                  cstackCOMRAM 000016
pad@w                                  cstackCOMRAM 00001B
relay_initialize@F3197                 bssCOMRAM    000073
relay_toggle@F3212                     bssCOMRAM    000070
relay_turn_off@F3207                   bssCOMRAM    000071
relay_turn_on@F3202                    bssCOMRAM    000072
sprintf@ap                             cstackCOMRAM 000048
sprintf@f                              cstackCOMRAM 00004A
sprintf@fmt                            cstackCOMRAM 000042
sprintf@s                              cstackCOMRAM 000040
stackhi                                (abs)        000000
stacklo                                (abs)        000000
start                                  init         00000E
start_initialization                   cinit        00248C
ttemp5                                 temp         00007E
ttemp6                                 temp         000081
ttemp7                                 temp         000085
vfpfcnvrt@ap                           cstackCOMRAM 00002E
vfpfcnvrt@convarg                      cstackCOMRAM 000032
vfpfcnvrt@cp                           cstackCOMRAM 000036
vfpfcnvrt@fmt                          cstackCOMRAM 00002C
vfpfcnvrt@fp                           cstackCOMRAM 00002A
vfprintf@ap                            cstackCOMRAM 00003C
vfprintf@cfmt                          cstackCOMRAM 00003E
vfprintf@fmt                           cstackCOMRAM 00003A
vfprintf@fp                            cstackCOMRAM 000038
wtemp8                                 temp         00007E


MODULE INFORMATION

Module		Function		Class		Link	Load	Size
C:\Program Files\Microchip\xc8\v2.41\pic\sources\c99\common\awmod.c
		___awmod       		CODE           	2116	0000	176

C:\Program Files\Microchip\xc8\v2.41\pic\sources\c99\common\awmod.c estimated size: 176

MCAL_layer/Timer3/Timer3.c
		_TIMER3_ISR    		CODE           	2992	0000	12

MCAL_layer/Timer3/Timer3.c estimated size: 12

MCAL_layer/CCP/CCP1.c
		_CCP1_ISR      		CODE           	29E0	0000	4
		_CCP2_ISR      		CODE           	29DC	0000	4

MCAL_layer/CCP/CCP1.c estimated size: 8

MCAL_layer/GPIO/hal_gpio.c
		_gpio_pin_write_logic		CODE           	1CE2	0000	300
		_gpio_pin_read_logic		CODE           	205E	0000	184
		_gpio_pin_direction_initialize		CODE           	1940	0000	324
		_gpio_pin_initialize		CODE           	24FA	0000	108

MCAL_layer/GPIO/hal_gpio.c estimated size: 916

MCAL_layer/Timer2/Timer2.c
		_TIMER2_ISR    		CODE           	29C0	0000	8

MCAL_layer/Timer2/Timer2.c estimated size: 8

MCAL_layer/Interrupt/mcal_Interrupt_manger.c
		_Interrupt_manager		CODE           	0008	0000	876

MCAL_layer/Interrupt/mcal_Interrupt_manger.c estimated size: 876

MCAL_layer/Timer1/Timer1.c
		_TIMER1_ISR    		CODE           	299E	0000	12

MCAL_layer/Timer1/Timer1.c estimated size: 12

C:\Program Files\Microchip\xc8\v2.41\pic\sources\c99\common\nf_fputc.c
		_fputc         		CODE           	1E0E	0000	202

C:\Program Files\Microchip\xc8\v2.41\pic\sources\c99\common\nf_fputc.c estimated size: 202

MCAL_layer/Interrupt/mcal_external_Interrupt.c
		_RB4_ISR       		CODE           	2978	0000	26
		_RB5_ISR       		CODE           	295E	0000	26
		_RB6_ISR       		CODE           	2944	0000	26
		_RB7_ISR       		CODE           	292A	0000	26
		_INT0_ISR      		CODE           	29D8	0000	4
		_INT1_ISR      		CODE           	29D4	0000	4
		_INT2_ISR      		CODE           	29D0	0000	4

MCAL_layer/Interrupt/mcal_external_Interrupt.c estimated size: 116

MCAL_layer/Timer0/Timer0.c
		_TIMER0_ISR    		CODE           	29AA	0000	12

MCAL_layer/Timer0/Timer0.c estimated size: 12

C:\Program Files\Microchip\xc8\v2.41\pic\sources\c99\common\memset.c
		_memset        		CODE           	17CA	0000	374

C:\Program Files\Microchip\xc8\v2.41\pic\sources\c99\common\memset.c estimated size: 374

C:\Program Files\Microchip\xc8\v2.41\pic\sources\c99\common\nf_sprintf.c
		_sprintf       		CODE           	26B8	0000	76

C:\Program Files\Microchip\xc8\v2.41\pic\sources\c99\common\nf_sprintf.c estimated size: 76

C:\Program Files\Microchip\xc8\v2.41\pic\sources\c99\common\awdiv.c
		___awdiv       		CODE           	1ED8	0000	196

C:\Program Files\Microchip\xc8\v2.41\pic\sources\c99\common\awdiv.c estimated size: 196

ECU_layer/Char_lCD/ecu_chr_lcd.c
		_lcd_8bit_send_enable		CODE           	266A	0000	78
		_lcd_8bit_set_cursor		CODE           	1F9C	0000	194
		_lcd_8bit_initialize		CODE           	1A84	0000	306
		_lcd_8bit_send_string		CODE           	21C6	0000	156
		_lcd_8bit_send_command		CODE           	22F8	0000	150
		_convert_byte_to_string		CODE           	25C0	0000	90
		_lcd_8bit_send_string_pos		CODE           	2566	0000	90
		_lcd_8bit_send_char		CODE           	2262	0000	150

ECU_layer/Char_lCD/ecu_chr_lcd.c estimated size: 1214

C:\Program Files\Microchip\xc8\v2.41\pic\sources\c99\common\abs.c
		_abs           		CODE           	281A	0000	64

C:\Program Files\Microchip\xc8\v2.41\pic\sources\c99\common\abs.c estimated size: 64

C:\Program Files\Microchip\xc8\v2.41\pic\sources\c99\common\doprnt.c
		_vfpfcnvrt     		CODE           	1BB6	0000	300
		_pad           		CODE           	2412	0000	122
		_dtoa          		CODE           	1636	0000	404
		_vfprintf      		CODE           	261A	0000	80

C:\Program Files\Microchip\xc8\v2.41\pic\sources\c99\common\doprnt.c estimated size: 906

ECU_layer/ecu_initialize.c
		_ecu_initialize		CODE           	285A	0000	62

ECU_layer/ecu_initialize.c estimated size: 62

ECU_layer/Pir_sensor/Pir_sensor.c
		_PIR_sensor_initialize		CODE           	28D6	0000	44
		_PIR_sensor_read		CODE           	238E	0000	132

ECU_layer/Pir_sensor/Pir_sensor.c estimated size: 176

shared
		_btn_values    		SMALLCONST     	1001	0000	12
		__initialization		CODE           	248C	0000	100

shared estimated size: 112

C:\Program Files\Microchip\xc8\v2.41\pic\sources\c99\common\putch.c
		_putch         		CODE           	29E8	0000	2

C:\Program Files\Microchip\xc8\v2.41\pic\sources\c99\common\putch.c estimated size: 2

C:\Program Files\Microchip\xc8\v2.41\pic\sources\c99\common\nf_fputs.c
		_fputs         		CODE           	27D6	0000	68

C:\Program Files\Microchip\xc8\v2.41\pic\sources\c99\common\nf_fputs.c estimated size: 68

MCAL_layer/ADC/hal_ADC.c
		_ADC_ISR       		CODE           	29E4	0000	4

MCAL_layer/ADC/hal_ADC.c estimated size: 4

ECU_layer/DC_Motor/ecu_Dc_motor.c
		_dc_motor_stop 		CODE           	2704	0000	70
		_dc_motor_initialize		CODE           	2898	0000	62
		_dc_motor_move_right		CODE           	274A	0000	70
		_dc_motor_move_left		CODE           	2790	0000	70

ECU_layer/DC_Motor/ecu_Dc_motor.c estimated size: 272

application.c
		_application_initialize		CODE           	29B6	0000	10
		_main          		CODE           	138C	0000	682

application.c estimated size: 692

MCAL_layer/Mcal_Initialize.c
		_Mcal_initialize		CODE           	29EA	0000	2

MCAL_layer/Mcal_Initialize.c estimated size: 2

